The target system is: Android - 1 - aarch64
The host system is: Linux - 6.8.0-1052-azure - x86_64
Compiling the C compiler identification source file "CMakeCCompilerId.c" succeeded.
Compiler: /workspaces/twoyi/.android-ndk/toolchains/llvm/prebuilt/linux-x86_64/bin/clang 
Build flags: -g;-DANDROID;-fdata-sections;-ffunction-sections;-funwind-tables;-fstack-protector-strong;-no-canonical-prefixes;-D_FORTIFY_SOURCE=2;-Wformat;-Werror=format-security;
Id flags: -c;--target=aarch64-none-linux-android24 

The output was:
0


Compilation of the C compiler identification source "CMakeCCompilerId.c" produced "CMakeCCompilerId.o"

The C compiler identification is Clang, found in "/workspaces/twoyi/app/cpp/build/arm64-v8a/CMakeFiles/3.22.1/CompilerIdC/CMakeCCompilerId.o"

Compiling the CXX compiler identification source file "CMakeCXXCompilerId.cpp" succeeded.
Compiler: /workspaces/twoyi/.android-ndk/toolchains/llvm/prebuilt/linux-x86_64/bin/clang++ 
Build flags: -g;-DANDROID;-fdata-sections;-ffunction-sections;-funwind-tables;-fstack-protector-strong;-no-canonical-prefixes;-D_FORTIFY_SOURCE=2;-Wformat;-Werror=format-security;;
Id flags: -c;--target=aarch64-none-linux-android24 

The output was:
0


Compilation of the CXX compiler identification source "CMakeCXXCompilerId.cpp" produced "CMakeCXXCompilerId.o"

The CXX compiler identification is Clang, found in "/workspaces/twoyi/app/cpp/build/arm64-v8a/CMakeFiles/3.22.1/CompilerIdCXX/CMakeCXXCompilerId.o"

Detecting C compiler ABI info compiled with the following output:
Change Dir: /workspaces/twoyi/app/cpp/build/arm64-v8a/CMakeFiles/CMakeTmp

Run Build Command(s):/usr/bin/gmake -f Makefile cmTC_ae1ff/fast && /usr/bin/gmake  -f CMakeFiles/cmTC_ae1ff.dir/build.make CMakeFiles/cmTC_ae1ff.dir/build
gmake[1]: Entering directory '/workspaces/twoyi/app/cpp/build/arm64-v8a/CMakeFiles/CMakeTmp'
Building C object CMakeFiles/cmTC_ae1ff.dir/CMakeCCompilerABI.c.o
/workspaces/twoyi/.android-ndk/toolchains/llvm/prebuilt/linux-x86_64/bin/clang --target=aarch64-none-linux-android24 --sysroot=/workspaces/twoyi/.android-ndk/toolchains/llvm/prebuilt/linux-x86_64/sysroot   -g -DANDROID -fdata-sections -ffunction-sections -funwind-tables -fstack-protector-strong -no-canonical-prefixes -D_FORTIFY_SOURCE=2 -Wformat   -fPIE   -v -MD -MT CMakeFiles/cmTC_ae1ff.dir/CMakeCCompilerABI.c.o -MF CMakeFiles/cmTC_ae1ff.dir/CMakeCCompilerABI.c.o.d -o CMakeFiles/cmTC_ae1ff.dir/CMakeCCompilerABI.c.o -c /usr/share/cmake-3.22/Modules/CMakeCCompilerABI.c
Android (12470979, +pgo, +bolt, +lto, +mlgo, based on r522817c) clang version 18.0.3 (https://android.googlesource.com/toolchain/llvm-project d8003a456d14a3deb8054cdaa529ffbf02d9b262)
Target: aarch64-none-linux-android24
Thread model: posix
InstalledDir: /workspaces/twoyi/.android-ndk/toolchains/llvm/prebuilt/linux-x86_64/bin
 (in-process)
 "/workspaces/twoyi/.android-ndk/toolchains/llvm/prebuilt/linux-x86_64/bin/clang" -cc1 -triple aarch64-none-linux-android24 -emit-obj -mrelax-all -disable-free -clear-ast-before-backend -disable-llvm-verifier -discard-value-names -main-file-name CMakeCCompilerABI.c -mrelocation-model pic -pic-level 2 -pic-is-pie -mframe-pointer=non-leaf -ffp-contract=on -fno-rounding-math -mconstructor-aliases -funwind-tables=2 -target-cpu generic -target-feature +neon -target-feature +v8a -target-feature +fix-cortex-a53-835769 -target-abi aapcs -debug-info-kind=constructor -dwarf-version=4 -debugger-tuning=gdb -fdebug-compilation-dir=/workspaces/twoyi/app/cpp/build/arm64-v8a/CMakeFiles/CMakeTmp -v -ffunction-sections -fdata-sections -fcoverage-compilation-dir=/workspaces/twoyi/app/cpp/build/arm64-v8a/CMakeFiles/CMakeTmp -resource-dir /workspaces/twoyi/.android-ndk/toolchains/llvm/prebuilt/linux-x86_64/lib/clang/18 -dependency-file CMakeFiles/cmTC_ae1ff.dir/CMakeCCompilerABI.c.o.d -MT CMakeFiles/cmTC_ae1ff.dir/CMakeCCompilerABI.c.o -sys-header-deps -D ANDROID -D _FORTIFY_SOURCE=2 -isysroot /workspaces/twoyi/.android-ndk/toolchains/llvm/prebuilt/linux-x86_64/sysroot -internal-isystem /workspaces/twoyi/.android-ndk/toolchains/llvm/prebuilt/linux-x86_64/lib/clang/18/include -internal-isystem /workspaces/twoyi/.android-ndk/toolchains/llvm/prebuilt/linux-x86_64/sysroot/usr/local/include -internal-externc-isystem /workspaces/twoyi/.android-ndk/toolchains/llvm/prebuilt/linux-x86_64/sysroot/usr/include/aarch64-linux-android -internal-externc-isystem /workspaces/twoyi/.android-ndk/toolchains/llvm/prebuilt/linux-x86_64/sysroot/include -internal-externc-isystem /workspaces/twoyi/.android-ndk/toolchains/llvm/prebuilt/linux-x86_64/sysroot/usr/include -Wformat -ferror-limit 19 -femulated-tls -stack-protector 2 -fno-signed-char -fgnuc-version=4.2.1 -target-feature +outline-atomics -D__GCC_HAVE_DWARF2_CFI_ASM=1 -o CMakeFiles/cmTC_ae1ff.dir/CMakeCCompilerABI.c.o -x c /usr/share/cmake-3.22/Modules/CMakeCCompilerABI.c
clang -cc1 version 18.0.3 based upon LLVM 18.0.3 default target x86_64-unknown-linux-gnu
ignoring nonexistent directory "/workspaces/twoyi/.android-ndk/toolchains/llvm/prebuilt/linux-x86_64/sysroot/usr/local/include"
ignoring nonexistent directory "/workspaces/twoyi/.android-ndk/toolchains/llvm/prebuilt/linux-x86_64/sysroot/include"
#include "..." search starts here:
#include <...> search starts here:
 /workspaces/twoyi/.android-ndk/toolchains/llvm/prebuilt/linux-x86_64/lib/clang/18/include
 /workspaces/twoyi/.android-ndk/toolchains/llvm/prebuilt/linux-x86_64/sysroot/usr/include/aarch64-linux-android
 /workspaces/twoyi/.android-ndk/toolchains/llvm/prebuilt/linux-x86_64/sysroot/usr/include
End of search list.
Linking C executable cmTC_ae1ff
/usr/bin/cmake -E cmake_link_script CMakeFiles/cmTC_ae1ff.dir/link.txt --verbose=1
/workspaces/twoyi/.android-ndk/toolchains/llvm/prebuilt/linux-x86_64/bin/clang --target=aarch64-none-linux-android24 --sysroot=/workspaces/twoyi/.android-ndk/toolchains/llvm/prebuilt/linux-x86_64/sysroot -g -DANDROID -fdata-sections -ffunction-sections -funwind-tables -fstack-protector-strong -no-canonical-prefixes -D_FORTIFY_SOURCE=2 -Wformat   -static-libstdc++ -Wl,--build-id=sha1 -Wl,--no-rosegment -Wl,--no-undefined-version -Wl,--fatal-warnings -Wl,--no-undefined -Qunused-arguments   -v CMakeFiles/cmTC_ae1ff.dir/CMakeCCompilerABI.c.o -o cmTC_ae1ff 
Android (12470979, +pgo, +bolt, +lto, +mlgo, based on r522817c) clang version 18.0.3 (https://android.googlesource.com/toolchain/llvm-project d8003a456d14a3deb8054cdaa529ffbf02d9b262)
Target: aarch64-none-linux-android24
Thread model: posix
InstalledDir: /workspaces/twoyi/.android-ndk/toolchains/llvm/prebuilt/linux-x86_64/bin
 "/workspaces/twoyi/.android-ndk/toolchains/llvm/prebuilt/linux-x86_64/bin/ld.lld" --sysroot=/workspaces/twoyi/.android-ndk/toolchains/llvm/prebuilt/linux-x86_64/sysroot -EL --fix-cortex-a53-843419 -z now -z relro -z max-page-size=4096 --hash-style=gnu --eh-frame-hdr -m aarch64linux -pie -dynamic-linker /system/bin/linker64 -o cmTC_ae1ff /workspaces/twoyi/.android-ndk/toolchains/llvm/prebuilt/linux-x86_64/sysroot/usr/lib/aarch64-linux-android/24/crtbegin_dynamic.o -L/workspaces/twoyi/.android-ndk/toolchains/llvm/prebuilt/linux-x86_64/lib/clang/18/lib/linux/aarch64 -L/workspaces/twoyi/.android-ndk/toolchains/llvm/prebuilt/linux-x86_64/sysroot/usr/lib/aarch64-linux-android/24 -L/workspaces/twoyi/.android-ndk/toolchains/llvm/prebuilt/linux-x86_64/sysroot/usr/lib/aarch64-linux-android -L/workspaces/twoyi/.android-ndk/toolchains/llvm/prebuilt/linux-x86_64/sysroot/usr/lib --build-id=sha1 --no-rosegment --no-undefined-version --fatal-warnings --no-undefined CMakeFiles/cmTC_ae1ff.dir/CMakeCCompilerABI.c.o /workspaces/twoyi/.android-ndk/toolchains/llvm/prebuilt/linux-x86_64/lib/clang/18/lib/linux/libclang_rt.builtins-aarch64-android.a -l:libunwind.a -ldl -lc /workspaces/twoyi/.android-ndk/toolchains/llvm/prebuilt/linux-x86_64/lib/clang/18/lib/linux/libclang_rt.builtins-aarch64-android.a -l:libunwind.a -ldl /workspaces/twoyi/.android-ndk/toolchains/llvm/prebuilt/linux-x86_64/sysroot/usr/lib/aarch64-linux-android/24/crtend_android.o
gmake[1]: Leaving directory '/workspaces/twoyi/app/cpp/build/arm64-v8a/CMakeFiles/CMakeTmp'



Parsed C implicit include dir info from above output: rv=done
  found start of include info
  found start of implicit include info
    add: [/workspaces/twoyi/.android-ndk/toolchains/llvm/prebuilt/linux-x86_64/lib/clang/18/include]
    add: [/workspaces/twoyi/.android-ndk/toolchains/llvm/prebuilt/linux-x86_64/sysroot/usr/include/aarch64-linux-android]
    add: [/workspaces/twoyi/.android-ndk/toolchains/llvm/prebuilt/linux-x86_64/sysroot/usr/include]
  end of search list found
  collapse include dir [/workspaces/twoyi/.android-ndk/toolchains/llvm/prebuilt/linux-x86_64/lib/clang/18/include] ==> [/workspaces/twoyi/.android-ndk/toolchains/llvm/prebuilt/linux-x86_64/lib/clang/18/include]
  collapse include dir [/workspaces/twoyi/.android-ndk/toolchains/llvm/prebuilt/linux-x86_64/sysroot/usr/include/aarch64-linux-android] ==> [/workspaces/twoyi/.android-ndk/toolchains/llvm/prebuilt/linux-x86_64/sysroot/usr/include/aarch64-linux-android]
  collapse include dir [/workspaces/twoyi/.android-ndk/toolchains/llvm/prebuilt/linux-x86_64/sysroot/usr/include] ==> [/workspaces/twoyi/.android-ndk/toolchains/llvm/prebuilt/linux-x86_64/sysroot/usr/include]
  implicit include dirs: [/workspaces/twoyi/.android-ndk/toolchains/llvm/prebuilt/linux-x86_64/lib/clang/18/include;/workspaces/twoyi/.android-ndk/toolchains/llvm/prebuilt/linux-x86_64/sysroot/usr/include/aarch64-linux-android;/workspaces/twoyi/.android-ndk/toolchains/llvm/prebuilt/linux-x86_64/sysroot/usr/include]


Parsed C implicit link information from above output:
  link line regex: [^( *|.*[/\])(ld\.lld|CMAKE_LINK_STARTFILE-NOTFOUND|([^/\]+-)?ld|collect2)[^/\]*( |$)]
  ignore line: [Change Dir: /workspaces/twoyi/app/cpp/build/arm64-v8a/CMakeFiles/CMakeTmp]
  ignore line: []
  ignore line: [Run Build Command(s):/usr/bin/gmake -f Makefile cmTC_ae1ff/fast && /usr/bin/gmake  -f CMakeFiles/cmTC_ae1ff.dir/build.make CMakeFiles/cmTC_ae1ff.dir/build]
  ignore line: [gmake[1]: Entering directory '/workspaces/twoyi/app/cpp/build/arm64-v8a/CMakeFiles/CMakeTmp']
  ignore line: [Building C object CMakeFiles/cmTC_ae1ff.dir/CMakeCCompilerABI.c.o]
  ignore line: [/workspaces/twoyi/.android-ndk/toolchains/llvm/prebuilt/linux-x86_64/bin/clang --target=aarch64-none-linux-android24 --sysroot=/workspaces/twoyi/.android-ndk/toolchains/llvm/prebuilt/linux-x86_64/sysroot   -g -DANDROID -fdata-sections -ffunction-sections -funwind-tables -fstack-protector-strong -no-canonical-prefixes -D_FORTIFY_SOURCE=2 -Wformat   -fPIE   -v -MD -MT CMakeFiles/cmTC_ae1ff.dir/CMakeCCompilerABI.c.o -MF CMakeFiles/cmTC_ae1ff.dir/CMakeCCompilerABI.c.o.d -o CMakeFiles/cmTC_ae1ff.dir/CMakeCCompilerABI.c.o -c /usr/share/cmake-3.22/Modules/CMakeCCompilerABI.c]
  ignore line: [Android (12470979  +pgo  +bolt  +lto  +mlgo  based on r522817c) clang version 18.0.3 (https://android.googlesource.com/toolchain/llvm-project d8003a456d14a3deb8054cdaa529ffbf02d9b262)]
  ignore line: [Target: aarch64-none-linux-android24]
  ignore line: [Thread model: posix]
  ignore line: [InstalledDir: /workspaces/twoyi/.android-ndk/toolchains/llvm/prebuilt/linux-x86_64/bin]
  ignore line: [ (in-process)]
  ignore line: [ "/workspaces/twoyi/.android-ndk/toolchains/llvm/prebuilt/linux-x86_64/bin/clang" -cc1 -triple aarch64-none-linux-android24 -emit-obj -mrelax-all -disable-free -clear-ast-before-backend -disable-llvm-verifier -discard-value-names -main-file-name CMakeCCompilerABI.c -mrelocation-model pic -pic-level 2 -pic-is-pie -mframe-pointer=non-leaf -ffp-contract=on -fno-rounding-math -mconstructor-aliases -funwind-tables=2 -target-cpu generic -target-feature +neon -target-feature +v8a -target-feature +fix-cortex-a53-835769 -target-abi aapcs -debug-info-kind=constructor -dwarf-version=4 -debugger-tuning=gdb -fdebug-compilation-dir=/workspaces/twoyi/app/cpp/build/arm64-v8a/CMakeFiles/CMakeTmp -v -ffunction-sections -fdata-sections -fcoverage-compilation-dir=/workspaces/twoyi/app/cpp/build/arm64-v8a/CMakeFiles/CMakeTmp -resource-dir /workspaces/twoyi/.android-ndk/toolchains/llvm/prebuilt/linux-x86_64/lib/clang/18 -dependency-file CMakeFiles/cmTC_ae1ff.dir/CMakeCCompilerABI.c.o.d -MT CMakeFiles/cmTC_ae1ff.dir/CMakeCCompilerABI.c.o -sys-header-deps -D ANDROID -D _FORTIFY_SOURCE=2 -isysroot /workspaces/twoyi/.android-ndk/toolchains/llvm/prebuilt/linux-x86_64/sysroot -internal-isystem /workspaces/twoyi/.android-ndk/toolchains/llvm/prebuilt/linux-x86_64/lib/clang/18/include -internal-isystem /workspaces/twoyi/.android-ndk/toolchains/llvm/prebuilt/linux-x86_64/sysroot/usr/local/include -internal-externc-isystem /workspaces/twoyi/.android-ndk/toolchains/llvm/prebuilt/linux-x86_64/sysroot/usr/include/aarch64-linux-android -internal-externc-isystem /workspaces/twoyi/.android-ndk/toolchains/llvm/prebuilt/linux-x86_64/sysroot/include -internal-externc-isystem /workspaces/twoyi/.android-ndk/toolchains/llvm/prebuilt/linux-x86_64/sysroot/usr/include -Wformat -ferror-limit 19 -femulated-tls -stack-protector 2 -fno-signed-char -fgnuc-version=4.2.1 -target-feature +outline-atomics -D__GCC_HAVE_DWARF2_CFI_ASM=1 -o CMakeFiles/cmTC_ae1ff.dir/CMakeCCompilerABI.c.o -x c /usr/share/cmake-3.22/Modules/CMakeCCompilerABI.c]
  ignore line: [clang -cc1 version 18.0.3 based upon LLVM 18.0.3 default target x86_64-unknown-linux-gnu]
  ignore line: [ignoring nonexistent directory "/workspaces/twoyi/.android-ndk/toolchains/llvm/prebuilt/linux-x86_64/sysroot/usr/local/include"]
  ignore line: [ignoring nonexistent directory "/workspaces/twoyi/.android-ndk/toolchains/llvm/prebuilt/linux-x86_64/sysroot/include"]
  ignore line: [#include "..." search starts here:]
  ignore line: [#include <...> search starts here:]
  ignore line: [ /workspaces/twoyi/.android-ndk/toolchains/llvm/prebuilt/linux-x86_64/lib/clang/18/include]
  ignore line: [ /workspaces/twoyi/.android-ndk/toolchains/llvm/prebuilt/linux-x86_64/sysroot/usr/include/aarch64-linux-android]
  ignore line: [ /workspaces/twoyi/.android-ndk/toolchains/llvm/prebuilt/linux-x86_64/sysroot/usr/include]
  ignore line: [End of search list.]
  ignore line: [Linking C executable cmTC_ae1ff]
  ignore line: [/usr/bin/cmake -E cmake_link_script CMakeFiles/cmTC_ae1ff.dir/link.txt --verbose=1]
  ignore line: [/workspaces/twoyi/.android-ndk/toolchains/llvm/prebuilt/linux-x86_64/bin/clang --target=aarch64-none-linux-android24 --sysroot=/workspaces/twoyi/.android-ndk/toolchains/llvm/prebuilt/linux-x86_64/sysroot -g -DANDROID -fdata-sections -ffunction-sections -funwind-tables -fstack-protector-strong -no-canonical-prefixes -D_FORTIFY_SOURCE=2 -Wformat   -static-libstdc++ -Wl --build-id=sha1 -Wl --no-rosegment -Wl --no-undefined-version -Wl --fatal-warnings -Wl --no-undefined -Qunused-arguments   -v CMakeFiles/cmTC_ae1ff.dir/CMakeCCompilerABI.c.o -o cmTC_ae1ff ]
  ignore line: [Android (12470979  +pgo  +bolt  +lto  +mlgo  based on r522817c) clang version 18.0.3 (https://android.googlesource.com/toolchain/llvm-project d8003a456d14a3deb8054cdaa529ffbf02d9b262)]
  ignore line: [Target: aarch64-none-linux-android24]
  ignore line: [Thread model: posix]
  ignore line: [InstalledDir: /workspaces/twoyi/.android-ndk/toolchains/llvm/prebuilt/linux-x86_64/bin]
  link line: [ "/workspaces/twoyi/.android-ndk/toolchains/llvm/prebuilt/linux-x86_64/bin/ld.lld" --sysroot=/workspaces/twoyi/.android-ndk/toolchains/llvm/prebuilt/linux-x86_64/sysroot -EL --fix-cortex-a53-843419 -z now -z relro -z max-page-size=4096 --hash-style=gnu --eh-frame-hdr -m aarch64linux -pie -dynamic-linker /system/bin/linker64 -o cmTC_ae1ff /workspaces/twoyi/.android-ndk/toolchains/llvm/prebuilt/linux-x86_64/sysroot/usr/lib/aarch64-linux-android/24/crtbegin_dynamic.o -L/workspaces/twoyi/.android-ndk/toolchains/llvm/prebuilt/linux-x86_64/lib/clang/18/lib/linux/aarch64 -L/workspaces/twoyi/.android-ndk/toolchains/llvm/prebuilt/linux-x86_64/sysroot/usr/lib/aarch64-linux-android/24 -L/workspaces/twoyi/.android-ndk/toolchains/llvm/prebuilt/linux-x86_64/sysroot/usr/lib/aarch64-linux-android -L/workspaces/twoyi/.android-ndk/toolchains/llvm/prebuilt/linux-x86_64/sysroot/usr/lib --build-id=sha1 --no-rosegment --no-undefined-version --fatal-warnings --no-undefined CMakeFiles/cmTC_ae1ff.dir/CMakeCCompilerABI.c.o /workspaces/twoyi/.android-ndk/toolchains/llvm/prebuilt/linux-x86_64/lib/clang/18/lib/linux/libclang_rt.builtins-aarch64-android.a -l:libunwind.a -ldl -lc /workspaces/twoyi/.android-ndk/toolchains/llvm/prebuilt/linux-x86_64/lib/clang/18/lib/linux/libclang_rt.builtins-aarch64-android.a -l:libunwind.a -ldl /workspaces/twoyi/.android-ndk/toolchains/llvm/prebuilt/linux-x86_64/sysroot/usr/lib/aarch64-linux-android/24/crtend_android.o]
    arg [/workspaces/twoyi/.android-ndk/toolchains/llvm/prebuilt/linux-x86_64/bin/ld.lld] ==> ignore
    arg [--sysroot=/workspaces/twoyi/.android-ndk/toolchains/llvm/prebuilt/linux-x86_64/sysroot] ==> ignore
    arg [-EL] ==> ignore
    arg [--fix-cortex-a53-843419] ==> ignore
    arg [-znow] ==> ignore
    arg [-zrelro] ==> ignore
    arg [-zmax-page-size=4096] ==> ignore
    arg [--hash-style=gnu] ==> ignore
    arg [--eh-frame-hdr] ==> ignore
    arg [-m] ==> ignore
    arg [aarch64linux] ==> ignore
    arg [-pie] ==> ignore
    arg [-dynamic-linker] ==> ignore
    arg [/system/bin/linker64] ==> ignore
    arg [-o] ==> ignore
    arg [cmTC_ae1ff] ==> ignore
    arg [/workspaces/twoyi/.android-ndk/toolchains/llvm/prebuilt/linux-x86_64/sysroot/usr/lib/aarch64-linux-android/24/crtbegin_dynamic.o] ==> obj [/workspaces/twoyi/.android-ndk/toolchains/llvm/prebuilt/linux-x86_64/sysroot/usr/lib/aarch64-linux-android/24/crtbegin_dynamic.o]
    arg [-L/workspaces/twoyi/.android-ndk/toolchains/llvm/prebuilt/linux-x86_64/lib/clang/18/lib/linux/aarch64] ==> dir [/workspaces/twoyi/.android-ndk/toolchains/llvm/prebuilt/linux-x86_64/lib/clang/18/lib/linux/aarch64]
    arg [-L/workspaces/twoyi/.android-ndk/toolchains/llvm/prebuilt/linux-x86_64/sysroot/usr/lib/aarch64-linux-android/24] ==> dir [/workspaces/twoyi/.android-ndk/toolchains/llvm/prebuilt/linux-x86_64/sysroot/usr/lib/aarch64-linux-android/24]
    arg [-L/workspaces/twoyi/.android-ndk/toolchains/llvm/prebuilt/linux-x86_64/sysroot/usr/lib/aarch64-linux-android] ==> dir [/workspaces/twoyi/.android-ndk/toolchains/llvm/prebuilt/linux-x86_64/sysroot/usr/lib/aarch64-linux-android]
    arg [-L/workspaces/twoyi/.android-ndk/toolchains/llvm/prebuilt/linux-x86_64/sysroot/usr/lib] ==> dir [/workspaces/twoyi/.android-ndk/toolchains/llvm/prebuilt/linux-x86_64/sysroot/usr/lib]
    arg [--build-id=sha1] ==> ignore
    arg [--no-rosegment] ==> ignore
    arg [--no-undefined-version] ==> ignore
    arg [--fatal-warnings] ==> ignore
    arg [--no-undefined] ==> ignore
    arg [CMakeFiles/cmTC_ae1ff.dir/CMakeCCompilerABI.c.o] ==> ignore
    arg [/workspaces/twoyi/.android-ndk/toolchains/llvm/prebuilt/linux-x86_64/lib/clang/18/lib/linux/libclang_rt.builtins-aarch64-android.a] ==> lib [/workspaces/twoyi/.android-ndk/toolchains/llvm/prebuilt/linux-x86_64/lib/clang/18/lib/linux/libclang_rt.builtins-aarch64-android.a]
    arg [-l:libunwind.a] ==> lib [-l:libunwind.a]
    arg [-ldl] ==> lib [dl]
    arg [-lc] ==> lib [c]
    arg [/workspaces/twoyi/.android-ndk/toolchains/llvm/prebuilt/linux-x86_64/lib/clang/18/lib/linux/libclang_rt.builtins-aarch64-android.a] ==> lib [/workspaces/twoyi/.android-ndk/toolchains/llvm/prebuilt/linux-x86_64/lib/clang/18/lib/linux/libclang_rt.builtins-aarch64-android.a]
    arg [-l:libunwind.a] ==> lib [-l:libunwind.a]
    arg [-ldl] ==> lib [dl]
    arg [/workspaces/twoyi/.android-ndk/toolchains/llvm/prebuilt/linux-x86_64/sysroot/usr/lib/aarch64-linux-android/24/crtend_android.o] ==> obj [/workspaces/twoyi/.android-ndk/toolchains/llvm/prebuilt/linux-x86_64/sysroot/usr/lib/aarch64-linux-android/24/crtend_android.o]
  remove lib [/workspaces/twoyi/.android-ndk/toolchains/llvm/prebuilt/linux-x86_64/lib/clang/18/lib/linux/libclang_rt.builtins-aarch64-android.a]
  remove lib [/workspaces/twoyi/.android-ndk/toolchains/llvm/prebuilt/linux-x86_64/lib/clang/18/lib/linux/libclang_rt.builtins-aarch64-android.a]
  collapse library dir [/workspaces/twoyi/.android-ndk/toolchains/llvm/prebuilt/linux-x86_64/lib/clang/18/lib/linux/aarch64] ==> [/workspaces/twoyi/.android-ndk/toolchains/llvm/prebuilt/linux-x86_64/lib/clang/18/lib/linux/aarch64]
  collapse library dir [/workspaces/twoyi/.android-ndk/toolchains/llvm/prebuilt/linux-x86_64/sysroot/usr/lib/aarch64-linux-android/24] ==> [/workspaces/twoyi/.android-ndk/toolchains/llvm/prebuilt/linux-x86_64/sysroot/usr/lib/aarch64-linux-android/24]
  collapse library dir [/workspaces/twoyi/.android-ndk/toolchains/llvm/prebuilt/linux-x86_64/sysroot/usr/lib/aarch64-linux-android] ==> [/workspaces/twoyi/.android-ndk/toolchains/llvm/prebuilt/linux-x86_64/sysroot/usr/lib/aarch64-linux-android]
  collapse library dir [/workspaces/twoyi/.android-ndk/toolchains/llvm/prebuilt/linux-x86_64/sysroot/usr/lib] ==> [/workspaces/twoyi/.android-ndk/toolchains/llvm/prebuilt/linux-x86_64/sysroot/usr/lib]
  implicit libs: [-l:libunwind.a;dl;c;-l:libunwind.a;dl]
  implicit objs: [/workspaces/twoyi/.android-ndk/toolchains/llvm/prebuilt/linux-x86_64/sysroot/usr/lib/aarch64-linux-android/24/crtbegin_dynamic.o;/workspaces/twoyi/.android-ndk/toolchains/llvm/prebuilt/linux-x86_64/sysroot/usr/lib/aarch64-linux-android/24/crtend_android.o]
  implicit dirs: [/workspaces/twoyi/.android-ndk/toolchains/llvm/prebuilt/linux-x86_64/lib/clang/18/lib/linux/aarch64;/workspaces/twoyi/.android-ndk/toolchains/llvm/prebuilt/linux-x86_64/sysroot/usr/lib/aarch64-linux-android/24;/workspaces/twoyi/.android-ndk/toolchains/llvm/prebuilt/linux-x86_64/sysroot/usr/lib/aarch64-linux-android;/workspaces/twoyi/.android-ndk/toolchains/llvm/prebuilt/linux-x86_64/sysroot/usr/lib]
  implicit fwks: []


Detecting CXX compiler ABI info compiled with the following output:
Change Dir: /workspaces/twoyi/app/cpp/build/arm64-v8a/CMakeFiles/CMakeTmp

Run Build Command(s):/usr/bin/gmake -f Makefile cmTC_89c11/fast && /usr/bin/gmake  -f CMakeFiles/cmTC_89c11.dir/build.make CMakeFiles/cmTC_89c11.dir/build
gmake[1]: Entering directory '/workspaces/twoyi/app/cpp/build/arm64-v8a/CMakeFiles/CMakeTmp'
Building CXX object CMakeFiles/cmTC_89c11.dir/CMakeCXXCompilerABI.cpp.o
/workspaces/twoyi/.android-ndk/toolchains/llvm/prebuilt/linux-x86_64/bin/clang++ --target=aarch64-none-linux-android24 --sysroot=/workspaces/twoyi/.android-ndk/toolchains/llvm/prebuilt/linux-x86_64/sysroot   -g -DANDROID -fdata-sections -ffunction-sections -funwind-tables -fstack-protector-strong -no-canonical-prefixes -D_FORTIFY_SOURCE=2 -Wformat    -fPIE   -v -MD -MT CMakeFiles/cmTC_89c11.dir/CMakeCXXCompilerABI.cpp.o -MF CMakeFiles/cmTC_89c11.dir/CMakeCXXCompilerABI.cpp.o.d -o CMakeFiles/cmTC_89c11.dir/CMakeCXXCompilerABI.cpp.o -c /usr/share/cmake-3.22/Modules/CMakeCXXCompilerABI.cpp
Android (12470979, +pgo, +bolt, +lto, +mlgo, based on r522817c) clang version 18.0.3 (https://android.googlesource.com/toolchain/llvm-project d8003a456d14a3deb8054cdaa529ffbf02d9b262)
Target: aarch64-none-linux-android24
Thread model: posix
InstalledDir: /workspaces/twoyi/.android-ndk/toolchains/llvm/prebuilt/linux-x86_64/bin
 (in-process)
 "/workspaces/twoyi/.android-ndk/toolchains/llvm/prebuilt/linux-x86_64/bin/clang++" -cc1 -triple aarch64-none-linux-android24 -emit-obj -mrelax-all -disable-free -clear-ast-before-backend -disable-llvm-verifier -discard-value-names -main-file-name CMakeCXXCompilerABI.cpp -mrelocation-model pic -pic-level 2 -pic-is-pie -mframe-pointer=non-leaf -ffp-contract=on -fno-rounding-math -mconstructor-aliases -funwind-tables=2 -target-cpu generic -target-feature +neon -target-feature +v8a -target-feature +fix-cortex-a53-835769 -target-abi aapcs -debug-info-kind=constructor -dwarf-version=4 -debugger-tuning=gdb -fdebug-compilation-dir=/workspaces/twoyi/app/cpp/build/arm64-v8a/CMakeFiles/CMakeTmp -v -ffunction-sections -fdata-sections -fcoverage-compilation-dir=/workspaces/twoyi/app/cpp/build/arm64-v8a/CMakeFiles/CMakeTmp -resource-dir /workspaces/twoyi/.android-ndk/toolchains/llvm/prebuilt/linux-x86_64/lib/clang/18 -dependency-file CMakeFiles/cmTC_89c11.dir/CMakeCXXCompilerABI.cpp.o.d -MT CMakeFiles/cmTC_89c11.dir/CMakeCXXCompilerABI.cpp.o -sys-header-deps -D ANDROID -D _FORTIFY_SOURCE=2 -isysroot /workspaces/twoyi/.android-ndk/toolchains/llvm/prebuilt/linux-x86_64/sysroot -internal-isystem /workspaces/twoyi/.android-ndk/toolchains/llvm/prebuilt/linux-x86_64/sysroot/usr/include/c++/v1 -internal-isystem /workspaces/twoyi/.android-ndk/toolchains/llvm/prebuilt/linux-x86_64/lib/clang/18/include -internal-isystem /workspaces/twoyi/.android-ndk/toolchains/llvm/prebuilt/linux-x86_64/sysroot/usr/local/include -internal-externc-isystem /workspaces/twoyi/.android-ndk/toolchains/llvm/prebuilt/linux-x86_64/sysroot/usr/include/aarch64-linux-android -internal-externc-isystem /workspaces/twoyi/.android-ndk/toolchains/llvm/prebuilt/linux-x86_64/sysroot/include -internal-externc-isystem /workspaces/twoyi/.android-ndk/toolchains/llvm/prebuilt/linux-x86_64/sysroot/usr/include -Wformat -fdeprecated-macro -ferror-limit 19 -femulated-tls -stack-protector 2 -fno-signed-char -fgnuc-version=4.2.1 -fcxx-exceptions -fexceptions -target-feature +outline-atomics -D__GCC_HAVE_DWARF2_CFI_ASM=1 -o CMakeFiles/cmTC_89c11.dir/CMakeCXXCompilerABI.cpp.o -x c++ /usr/share/cmake-3.22/Modules/CMakeCXXCompilerABI.cpp
clang -cc1 version 18.0.3 based upon LLVM 18.0.3 default target x86_64-unknown-linux-gnu
ignoring nonexistent directory "/workspaces/twoyi/.android-ndk/toolchains/llvm/prebuilt/linux-x86_64/sysroot/usr/local/include"
ignoring nonexistent directory "/workspaces/twoyi/.android-ndk/toolchains/llvm/prebuilt/linux-x86_64/sysroot/include"
#include "..." search starts here:
#include <...> search starts here:
 /workspaces/twoyi/.android-ndk/toolchains/llvm/prebuilt/linux-x86_64/sysroot/usr/include/c++/v1
 /workspaces/twoyi/.android-ndk/toolchains/llvm/prebuilt/linux-x86_64/lib/clang/18/include
 /workspaces/twoyi/.android-ndk/toolchains/llvm/prebuilt/linux-x86_64/sysroot/usr/include/aarch64-linux-android
 /workspaces/twoyi/.android-ndk/toolchains/llvm/prebuilt/linux-x86_64/sysroot/usr/include
End of search list.
Linking CXX executable cmTC_89c11
/usr/bin/cmake -E cmake_link_script CMakeFiles/cmTC_89c11.dir/link.txt --verbose=1
/workspaces/twoyi/.android-ndk/toolchains/llvm/prebuilt/linux-x86_64/bin/clang++ --target=aarch64-none-linux-android24 --sysroot=/workspaces/twoyi/.android-ndk/toolchains/llvm/prebuilt/linux-x86_64/sysroot -g -DANDROID -fdata-sections -ffunction-sections -funwind-tables -fstack-protector-strong -no-canonical-prefixes -D_FORTIFY_SOURCE=2 -Wformat    -static-libstdc++ -Wl,--build-id=sha1 -Wl,--no-rosegment -Wl,--no-undefined-version -Wl,--fatal-warnings -Wl,--no-undefined -Qunused-arguments   -v CMakeFiles/cmTC_89c11.dir/CMakeCXXCompilerABI.cpp.o -o cmTC_89c11 
Android (12470979, +pgo, +bolt, +lto, +mlgo, based on r522817c) clang version 18.0.3 (https://android.googlesource.com/toolchain/llvm-project d8003a456d14a3deb8054cdaa529ffbf02d9b262)
Target: aarch64-none-linux-android24
Thread model: posix
InstalledDir: /workspaces/twoyi/.android-ndk/toolchains/llvm/prebuilt/linux-x86_64/bin
 "/workspaces/twoyi/.android-ndk/toolchains/llvm/prebuilt/linux-x86_64/bin/ld.lld" --sysroot=/workspaces/twoyi/.android-ndk/toolchains/llvm/prebuilt/linux-x86_64/sysroot -EL --fix-cortex-a53-843419 -z now -z relro -z max-page-size=4096 --hash-style=gnu --eh-frame-hdr -m aarch64linux -pie -dynamic-linker /system/bin/linker64 -o cmTC_89c11 /workspaces/twoyi/.android-ndk/toolchains/llvm/prebuilt/linux-x86_64/sysroot/usr/lib/aarch64-linux-android/24/crtbegin_dynamic.o -L/workspaces/twoyi/.android-ndk/toolchains/llvm/prebuilt/linux-x86_64/lib/clang/18/lib/linux/aarch64 -L/workspaces/twoyi/.android-ndk/toolchains/llvm/prebuilt/linux-x86_64/sysroot/usr/lib/aarch64-linux-android/24 -L/workspaces/twoyi/.android-ndk/toolchains/llvm/prebuilt/linux-x86_64/sysroot/usr/lib/aarch64-linux-android -L/workspaces/twoyi/.android-ndk/toolchains/llvm/prebuilt/linux-x86_64/sysroot/usr/lib --build-id=sha1 --no-rosegment --no-undefined-version --fatal-warnings --no-undefined CMakeFiles/cmTC_89c11.dir/CMakeCXXCompilerABI.cpp.o -Bstatic -lc++ -Bdynamic -lm /workspaces/twoyi/.android-ndk/toolchains/llvm/prebuilt/linux-x86_64/lib/clang/18/lib/linux/libclang_rt.builtins-aarch64-android.a -l:libunwind.a -ldl -lc /workspaces/twoyi/.android-ndk/toolchains/llvm/prebuilt/linux-x86_64/lib/clang/18/lib/linux/libclang_rt.builtins-aarch64-android.a -l:libunwind.a -ldl /workspaces/twoyi/.android-ndk/toolchains/llvm/prebuilt/linux-x86_64/sysroot/usr/lib/aarch64-linux-android/24/crtend_android.o
gmake[1]: Leaving directory '/workspaces/twoyi/app/cpp/build/arm64-v8a/CMakeFiles/CMakeTmp'



Parsed CXX implicit include dir info from above output: rv=done
  found start of include info
  found start of implicit include info
    add: [/workspaces/twoyi/.android-ndk/toolchains/llvm/prebuilt/linux-x86_64/sysroot/usr/include/c++/v1]
    add: [/workspaces/twoyi/.android-ndk/toolchains/llvm/prebuilt/linux-x86_64/lib/clang/18/include]
    add: [/workspaces/twoyi/.android-ndk/toolchains/llvm/prebuilt/linux-x86_64/sysroot/usr/include/aarch64-linux-android]
    add: [/workspaces/twoyi/.android-ndk/toolchains/llvm/prebuilt/linux-x86_64/sysroot/usr/include]
  end of search list found
  collapse include dir [/workspaces/twoyi/.android-ndk/toolchains/llvm/prebuilt/linux-x86_64/sysroot/usr/include/c++/v1] ==> [/workspaces/twoyi/.android-ndk/toolchains/llvm/prebuilt/linux-x86_64/sysroot/usr/include/c++/v1]
  collapse include dir [/workspaces/twoyi/.android-ndk/toolchains/llvm/prebuilt/linux-x86_64/lib/clang/18/include] ==> [/workspaces/twoyi/.android-ndk/toolchains/llvm/prebuilt/linux-x86_64/lib/clang/18/include]
  collapse include dir [/workspaces/twoyi/.android-ndk/toolchains/llvm/prebuilt/linux-x86_64/sysroot/usr/include/aarch64-linux-android] ==> [/workspaces/twoyi/.android-ndk/toolchains/llvm/prebuilt/linux-x86_64/sysroot/usr/include/aarch64-linux-android]
  collapse include dir [/workspaces/twoyi/.android-ndk/toolchains/llvm/prebuilt/linux-x86_64/sysroot/usr/include] ==> [/workspaces/twoyi/.android-ndk/toolchains/llvm/prebuilt/linux-x86_64/sysroot/usr/include]
  implicit include dirs: [/workspaces/twoyi/.android-ndk/toolchains/llvm/prebuilt/linux-x86_64/sysroot/usr/include/c++/v1;/workspaces/twoyi/.android-ndk/toolchains/llvm/prebuilt/linux-x86_64/lib/clang/18/include;/workspaces/twoyi/.android-ndk/toolchains/llvm/prebuilt/linux-x86_64/sysroot/usr/include/aarch64-linux-android;/workspaces/twoyi/.android-ndk/toolchains/llvm/prebuilt/linux-x86_64/sysroot/usr/include]


Parsed CXX implicit link information from above output:
  link line regex: [^( *|.*[/\])(ld\.lld|CMAKE_LINK_STARTFILE-NOTFOUND|([^/\]+-)?ld|collect2)[^/\]*( |$)]
  ignore line: [Change Dir: /workspaces/twoyi/app/cpp/build/arm64-v8a/CMakeFiles/CMakeTmp]
  ignore line: []
  ignore line: [Run Build Command(s):/usr/bin/gmake -f Makefile cmTC_89c11/fast && /usr/bin/gmake  -f CMakeFiles/cmTC_89c11.dir/build.make CMakeFiles/cmTC_89c11.dir/build]
  ignore line: [gmake[1]: Entering directory '/workspaces/twoyi/app/cpp/build/arm64-v8a/CMakeFiles/CMakeTmp']
  ignore line: [Building CXX object CMakeFiles/cmTC_89c11.dir/CMakeCXXCompilerABI.cpp.o]
  ignore line: [/workspaces/twoyi/.android-ndk/toolchains/llvm/prebuilt/linux-x86_64/bin/clang++ --target=aarch64-none-linux-android24 --sysroot=/workspaces/twoyi/.android-ndk/toolchains/llvm/prebuilt/linux-x86_64/sysroot   -g -DANDROID -fdata-sections -ffunction-sections -funwind-tables -fstack-protector-strong -no-canonical-prefixes -D_FORTIFY_SOURCE=2 -Wformat    -fPIE   -v -MD -MT CMakeFiles/cmTC_89c11.dir/CMakeCXXCompilerABI.cpp.o -MF CMakeFiles/cmTC_89c11.dir/CMakeCXXCompilerABI.cpp.o.d -o CMakeFiles/cmTC_89c11.dir/CMakeCXXCompilerABI.cpp.o -c /usr/share/cmake-3.22/Modules/CMakeCXXCompilerABI.cpp]
  ignore line: [Android (12470979  +pgo  +bolt  +lto  +mlgo  based on r522817c) clang version 18.0.3 (https://android.googlesource.com/toolchain/llvm-project d8003a456d14a3deb8054cdaa529ffbf02d9b262)]
  ignore line: [Target: aarch64-none-linux-android24]
  ignore line: [Thread model: posix]
  ignore line: [InstalledDir: /workspaces/twoyi/.android-ndk/toolchains/llvm/prebuilt/linux-x86_64/bin]
  ignore line: [ (in-process)]
  ignore line: [ "/workspaces/twoyi/.android-ndk/toolchains/llvm/prebuilt/linux-x86_64/bin/clang++" -cc1 -triple aarch64-none-linux-android24 -emit-obj -mrelax-all -disable-free -clear-ast-before-backend -disable-llvm-verifier -discard-value-names -main-file-name CMakeCXXCompilerABI.cpp -mrelocation-model pic -pic-level 2 -pic-is-pie -mframe-pointer=non-leaf -ffp-contract=on -fno-rounding-math -mconstructor-aliases -funwind-tables=2 -target-cpu generic -target-feature +neon -target-feature +v8a -target-feature +fix-cortex-a53-835769 -target-abi aapcs -debug-info-kind=constructor -dwarf-version=4 -debugger-tuning=gdb -fdebug-compilation-dir=/workspaces/twoyi/app/cpp/build/arm64-v8a/CMakeFiles/CMakeTmp -v -ffunction-sections -fdata-sections -fcoverage-compilation-dir=/workspaces/twoyi/app/cpp/build/arm64-v8a/CMakeFiles/CMakeTmp -resource-dir /workspaces/twoyi/.android-ndk/toolchains/llvm/prebuilt/linux-x86_64/lib/clang/18 -dependency-file CMakeFiles/cmTC_89c11.dir/CMakeCXXCompilerABI.cpp.o.d -MT CMakeFiles/cmTC_89c11.dir/CMakeCXXCompilerABI.cpp.o -sys-header-deps -D ANDROID -D _FORTIFY_SOURCE=2 -isysroot /workspaces/twoyi/.android-ndk/toolchains/llvm/prebuilt/linux-x86_64/sysroot -internal-isystem /workspaces/twoyi/.android-ndk/toolchains/llvm/prebuilt/linux-x86_64/sysroot/usr/include/c++/v1 -internal-isystem /workspaces/twoyi/.android-ndk/toolchains/llvm/prebuilt/linux-x86_64/lib/clang/18/include -internal-isystem /workspaces/twoyi/.android-ndk/toolchains/llvm/prebuilt/linux-x86_64/sysroot/usr/local/include -internal-externc-isystem /workspaces/twoyi/.android-ndk/toolchains/llvm/prebuilt/linux-x86_64/sysroot/usr/include/aarch64-linux-android -internal-externc-isystem /workspaces/twoyi/.android-ndk/toolchains/llvm/prebuilt/linux-x86_64/sysroot/include -internal-externc-isystem /workspaces/twoyi/.android-ndk/toolchains/llvm/prebuilt/linux-x86_64/sysroot/usr/include -Wformat -fdeprecated-macro -ferror-limit 19 -femulated-tls -stack-protector 2 -fno-signed-char -fgnuc-version=4.2.1 -fcxx-exceptions -fexceptions -target-feature +outline-atomics -D__GCC_HAVE_DWARF2_CFI_ASM=1 -o CMakeFiles/cmTC_89c11.dir/CMakeCXXCompilerABI.cpp.o -x c++ /usr/share/cmake-3.22/Modules/CMakeCXXCompilerABI.cpp]
  ignore line: [clang -cc1 version 18.0.3 based upon LLVM 18.0.3 default target x86_64-unknown-linux-gnu]
  ignore line: [ignoring nonexistent directory "/workspaces/twoyi/.android-ndk/toolchains/llvm/prebuilt/linux-x86_64/sysroot/usr/local/include"]
  ignore line: [ignoring nonexistent directory "/workspaces/twoyi/.android-ndk/toolchains/llvm/prebuilt/linux-x86_64/sysroot/include"]
  ignore line: [#include "..." search starts here:]
  ignore line: [#include <...> search starts here:]
  ignore line: [ /workspaces/twoyi/.android-ndk/toolchains/llvm/prebuilt/linux-x86_64/sysroot/usr/include/c++/v1]
  ignore line: [ /workspaces/twoyi/.android-ndk/toolchains/llvm/prebuilt/linux-x86_64/lib/clang/18/include]
  ignore line: [ /workspaces/twoyi/.android-ndk/toolchains/llvm/prebuilt/linux-x86_64/sysroot/usr/include/aarch64-linux-android]
  ignore line: [ /workspaces/twoyi/.android-ndk/toolchains/llvm/prebuilt/linux-x86_64/sysroot/usr/include]
  ignore line: [End of search list.]
  ignore line: [Linking CXX executable cmTC_89c11]
  ignore line: [/usr/bin/cmake -E cmake_link_script CMakeFiles/cmTC_89c11.dir/link.txt --verbose=1]
  ignore line: [/workspaces/twoyi/.android-ndk/toolchains/llvm/prebuilt/linux-x86_64/bin/clang++ --target=aarch64-none-linux-android24 --sysroot=/workspaces/twoyi/.android-ndk/toolchains/llvm/prebuilt/linux-x86_64/sysroot -g -DANDROID -fdata-sections -ffunction-sections -funwind-tables -fstack-protector-strong -no-canonical-prefixes -D_FORTIFY_SOURCE=2 -Wformat    -static-libstdc++ -Wl --build-id=sha1 -Wl --no-rosegment -Wl --no-undefined-version -Wl --fatal-warnings -Wl --no-undefined -Qunused-arguments   -v CMakeFiles/cmTC_89c11.dir/CMakeCXXCompilerABI.cpp.o -o cmTC_89c11 ]
  ignore line: [Android (12470979  +pgo  +bolt  +lto  +mlgo  based on r522817c) clang version 18.0.3 (https://android.googlesource.com/toolchain/llvm-project d8003a456d14a3deb8054cdaa529ffbf02d9b262)]
  ignore line: [Target: aarch64-none-linux-android24]
  ignore line: [Thread model: posix]
  ignore line: [InstalledDir: /workspaces/twoyi/.android-ndk/toolchains/llvm/prebuilt/linux-x86_64/bin]
  link line: [ "/workspaces/twoyi/.android-ndk/toolchains/llvm/prebuilt/linux-x86_64/bin/ld.lld" --sysroot=/workspaces/twoyi/.android-ndk/toolchains/llvm/prebuilt/linux-x86_64/sysroot -EL --fix-cortex-a53-843419 -z now -z relro -z max-page-size=4096 --hash-style=gnu --eh-frame-hdr -m aarch64linux -pie -dynamic-linker /system/bin/linker64 -o cmTC_89c11 /workspaces/twoyi/.android-ndk/toolchains/llvm/prebuilt/linux-x86_64/sysroot/usr/lib/aarch64-linux-android/24/crtbegin_dynamic.o -L/workspaces/twoyi/.android-ndk/toolchains/llvm/prebuilt/linux-x86_64/lib/clang/18/lib/linux/aarch64 -L/workspaces/twoyi/.android-ndk/toolchains/llvm/prebuilt/linux-x86_64/sysroot/usr/lib/aarch64-linux-android/24 -L/workspaces/twoyi/.android-ndk/toolchains/llvm/prebuilt/linux-x86_64/sysroot/usr/lib/aarch64-linux-android -L/workspaces/twoyi/.android-ndk/toolchains/llvm/prebuilt/linux-x86_64/sysroot/usr/lib --build-id=sha1 --no-rosegment --no-undefined-version --fatal-warnings --no-undefined CMakeFiles/cmTC_89c11.dir/CMakeCXXCompilerABI.cpp.o -Bstatic -lc++ -Bdynamic -lm /workspaces/twoyi/.android-ndk/toolchains/llvm/prebuilt/linux-x86_64/lib/clang/18/lib/linux/libclang_rt.builtins-aarch64-android.a -l:libunwind.a -ldl -lc /workspaces/twoyi/.android-ndk/toolchains/llvm/prebuilt/linux-x86_64/lib/clang/18/lib/linux/libclang_rt.builtins-aarch64-android.a -l:libunwind.a -ldl /workspaces/twoyi/.android-ndk/toolchains/llvm/prebuilt/linux-x86_64/sysroot/usr/lib/aarch64-linux-android/24/crtend_android.o]
    arg [/workspaces/twoyi/.android-ndk/toolchains/llvm/prebuilt/linux-x86_64/bin/ld.lld] ==> ignore
    arg [--sysroot=/workspaces/twoyi/.android-ndk/toolchains/llvm/prebuilt/linux-x86_64/sysroot] ==> ignore
    arg [-EL] ==> ignore
    arg [--fix-cortex-a53-843419] ==> ignore
    arg [-znow] ==> ignore
    arg [-zrelro] ==> ignore
    arg [-zmax-page-size=4096] ==> ignore
    arg [--hash-style=gnu] ==> ignore
    arg [--eh-frame-hdr] ==> ignore
    arg [-m] ==> ignore
    arg [aarch64linux] ==> ignore
    arg [-pie] ==> ignore
    arg [-dynamic-linker] ==> ignore
    arg [/system/bin/linker64] ==> ignore
    arg [-o] ==> ignore
    arg [cmTC_89c11] ==> ignore
    arg [/workspaces/twoyi/.android-ndk/toolchains/llvm/prebuilt/linux-x86_64/sysroot/usr/lib/aarch64-linux-android/24/crtbegin_dynamic.o] ==> obj [/workspaces/twoyi/.android-ndk/toolchains/llvm/prebuilt/linux-x86_64/sysroot/usr/lib/aarch64-linux-android/24/crtbegin_dynamic.o]
    arg [-L/workspaces/twoyi/.android-ndk/toolchains/llvm/prebuilt/linux-x86_64/lib/clang/18/lib/linux/aarch64] ==> dir [/workspaces/twoyi/.android-ndk/toolchains/llvm/prebuilt/linux-x86_64/lib/clang/18/lib/linux/aarch64]
    arg [-L/workspaces/twoyi/.android-ndk/toolchains/llvm/prebuilt/linux-x86_64/sysroot/usr/lib/aarch64-linux-android/24] ==> dir [/workspaces/twoyi/.android-ndk/toolchains/llvm/prebuilt/linux-x86_64/sysroot/usr/lib/aarch64-linux-android/24]
    arg [-L/workspaces/twoyi/.android-ndk/toolchains/llvm/prebuilt/linux-x86_64/sysroot/usr/lib/aarch64-linux-android] ==> dir [/workspaces/twoyi/.android-ndk/toolchains/llvm/prebuilt/linux-x86_64/sysroot/usr/lib/aarch64-linux-android]
    arg [-L/workspaces/twoyi/.android-ndk/toolchains/llvm/prebuilt/linux-x86_64/sysroot/usr/lib] ==> dir [/workspaces/twoyi/.android-ndk/toolchains/llvm/prebuilt/linux-x86_64/sysroot/usr/lib]
    arg [--build-id=sha1] ==> ignore
    arg [--no-rosegment] ==> ignore
    arg [--no-undefined-version] ==> ignore
    arg [--fatal-warnings] ==> ignore
    arg [--no-undefined] ==> ignore
    arg [CMakeFiles/cmTC_89c11.dir/CMakeCXXCompilerABI.cpp.o] ==> ignore
    arg [-Bstatic] ==> search static
    arg [-lc++] ==> lib [c++]
    arg [-Bdynamic] ==> search dynamic
    arg [-lm] ==> lib [m]
    arg [/workspaces/twoyi/.android-ndk/toolchains/llvm/prebuilt/linux-x86_64/lib/clang/18/lib/linux/libclang_rt.builtins-aarch64-android.a] ==> lib [/workspaces/twoyi/.android-ndk/toolchains/llvm/prebuilt/linux-x86_64/lib/clang/18/lib/linux/libclang_rt.builtins-aarch64-android.a]
    arg [-l:libunwind.a] ==> lib [-l:libunwind.a]
    arg [-ldl] ==> lib [dl]
    arg [-lc] ==> lib [c]
    arg [/workspaces/twoyi/.android-ndk/toolchains/llvm/prebuilt/linux-x86_64/lib/clang/18/lib/linux/libclang_rt.builtins-aarch64-android.a] ==> lib [/workspaces/twoyi/.android-ndk/toolchains/llvm/prebuilt/linux-x86_64/lib/clang/18/lib/linux/libclang_rt.builtins-aarch64-android.a]
    arg [-l:libunwind.a] ==> lib [-l:libunwind.a]
    arg [-ldl] ==> lib [dl]
    arg [/workspaces/twoyi/.android-ndk/toolchains/llvm/prebuilt/linux-x86_64/sysroot/usr/lib/aarch64-linux-android/24/crtend_android.o] ==> obj [/workspaces/twoyi/.android-ndk/toolchains/llvm/prebuilt/linux-x86_64/sysroot/usr/lib/aarch64-linux-android/24/crtend_android.o]
  remove lib [/workspaces/twoyi/.android-ndk/toolchains/llvm/prebuilt/linux-x86_64/lib/clang/18/lib/linux/libclang_rt.builtins-aarch64-android.a]
  remove lib [/workspaces/twoyi/.android-ndk/toolchains/llvm/prebuilt/linux-x86_64/lib/clang/18/lib/linux/libclang_rt.builtins-aarch64-android.a]
  collapse library dir [/workspaces/twoyi/.android-ndk/toolchains/llvm/prebuilt/linux-x86_64/lib/clang/18/lib/linux/aarch64] ==> [/workspaces/twoyi/.android-ndk/toolchains/llvm/prebuilt/linux-x86_64/lib/clang/18/lib/linux/aarch64]
  collapse library dir [/workspaces/twoyi/.android-ndk/toolchains/llvm/prebuilt/linux-x86_64/sysroot/usr/lib/aarch64-linux-android/24] ==> [/workspaces/twoyi/.android-ndk/toolchains/llvm/prebuilt/linux-x86_64/sysroot/usr/lib/aarch64-linux-android/24]
  collapse library dir [/workspaces/twoyi/.android-ndk/toolchains/llvm/prebuilt/linux-x86_64/sysroot/usr/lib/aarch64-linux-android] ==> [/workspaces/twoyi/.android-ndk/toolchains/llvm/prebuilt/linux-x86_64/sysroot/usr/lib/aarch64-linux-android]
  collapse library dir [/workspaces/twoyi/.android-ndk/toolchains/llvm/prebuilt/linux-x86_64/sysroot/usr/lib] ==> [/workspaces/twoyi/.android-ndk/toolchains/llvm/prebuilt/linux-x86_64/sysroot/usr/lib]
  implicit libs: [c++;m;-l:libunwind.a;dl;c;-l:libunwind.a;dl]
  implicit objs: [/workspaces/twoyi/.android-ndk/toolchains/llvm/prebuilt/linux-x86_64/sysroot/usr/lib/aarch64-linux-android/24/crtbegin_dynamic.o;/workspaces/twoyi/.android-ndk/toolchains/llvm/prebuilt/linux-x86_64/sysroot/usr/lib/aarch64-linux-android/24/crtend_android.o]
  implicit dirs: [/workspaces/twoyi/.android-ndk/toolchains/llvm/prebuilt/linux-x86_64/lib/clang/18/lib/linux/aarch64;/workspaces/twoyi/.android-ndk/toolchains/llvm/prebuilt/linux-x86_64/sysroot/usr/lib/aarch64-linux-android/24;/workspaces/twoyi/.android-ndk/toolchains/llvm/prebuilt/linux-x86_64/sysroot/usr/lib/aarch64-linux-android;/workspaces/twoyi/.android-ndk/toolchains/llvm/prebuilt/linux-x86_64/sysroot/usr/lib]
  implicit fwks: []


